c:\dev\upcvision\src\main\java\com\surpass\vision\tools\TokenTools.java
c:\dev\upcvision\src\main\java\com\surpass\vision\server\SocketServer.java
c:\dev\upcvision\src\main\java\com\surpass\vision\service\RealTimeDataService.java
c:\dev\upcvision\src\main\java\com\surpass\vision\common\SubmitAspect.java
c:\dev\upcvision\src\main\java\com\surpass\vision\server\ControlMessageServer.java
c:\dev\upcvision\src\main\java\com\surpass\vision\exception\GirlFriendNotFoundException.java
c:\dev\upcvision\src\main\java\com\surpass\vision\service\LoginService.java
c:\dev\upcvision\src\main\java\com\surpass\vision\tools\EncodingTools.java
c:\dev\upcvision\src\main\java\com\surpass\vision\domain\PointGroup.java
c:\dev\upcvision\src\main\java\com\surpass\vision\server\Device.java
c:\dev\upcvision\src\main\java\com\surpass\vision\domain\AlertData.java
c:\dev\upcvision\src\main\java\com\surpass\vision\controller\WebSocketController.java
c:\dev\upcvision\src\main\java\com\surpass\vision\appCfg\NoRepeatSubmitAop.java
c:\dev\upcvision\src\main\java\com\surpass\vision\exception\ExceptionEnum.java
c:\dev\upcvision\src\main\java\com\surpass\vision\schedule\InitServiceRunner.java
c:\dev\upcvision\src\main\java\com\surpass\vision\utils\Newton_interpolation.java
c:\dev\upcvision\src\main\java\com\surpass\vision\tools\IDTools.java
c:\dev\upcvision\src\main\java\com\surpass\realkits\GecService.java
c:\dev\upcvision\src\main\java\com\surpass\vision\service\impl\RealTimeDataServiceImpl.java
c:\dev\upcvision\src\main\java\com\surpass\vision\utils\Matrix.java
c:\dev\upcvision\src\main\java\com\surpass\vision\server\AuthHandshakeInterceptor.java
c:\dev\upcvision\src\main\java\com\surpass\vision\server\ServerPoint.java
c:\dev\upcvision\src\main\java\com\surpass\vision\appCfg\GlobalConsts.java
c:\dev\upcvision\src\main\java\com\surpass\vision\realTimeData\RealTimeDataManager.java
c:\dev\upcvision\src\main\java\com\surpass\vision\schedule\PostMessageTask.java
c:\dev\upcvision\src\main\java\com\surpass\vision\service\UserService.java
c:\dev\upcvision\src\main\java\com\surpass\vision\server\PointsData.java
c:\dev\upcvision\src\main\java\com\surpass\vision\server\ServerManager.java
c:\dev\upcvision\src\main\java\com\surpass\vision\server\PrincipalHandshakeHandler.java
c:\dev\upcvision\src\main\java\com\surpass\vision\mapper\UserInfoMapper.java
c:\dev\upcvision\src\main\java\com\surpass\vision\server\_Data.java
c:\dev\upcvision\src\main\java\com\surpass\vision\domain\RealTimeData.java
c:\dev\upcvision\src\main\java\com\surpass\realkits\exception\GecException.java
c:\dev\upcvision\src\main\java\com\surpass\vision\controller\LineAlertDataController.java
c:\dev\upcvision\src\main\java\com\surpass\vision\server\DataViewer.java
c:\dev\upcvision\src\main\java\com\surpass\vision\exception\DataExceptionSolver.java
c:\dev\upcvision\src\main\java\com\surpass\vision\domain\DepartmentInfo.java
c:\dev\upcvision\src\main\java\com\surpass\vision\exception\SystemException.java
c:\dev\upcvision\src\main\java\com\surpass\vision\userSpace\UserSpaceManager.java
c:\dev\upcvision\src\main\java\com\surpass\realkits\JGecService.java
c:\dev\upcvision\src\main\java\com\surpass\vision\domain\User.java
c:\dev\upcvision\src\main\java\com\surpass\vision\service\RedisService.java
c:\dev\upcvision\src\main\java\com\surpass\vision\tools\FileTool.java
c:\dev\upcvision\src\main\java\com\surpass\vision\controller\GraphController.java
c:\dev\upcvision\src\main\java\com\surpass\vision\controller\XYGraphController.java
c:\dev\upcvision\src\main\java\com\surpass\vision\service\impl\GraphServiceImpl.java
c:\dev\upcvision\src\main\java\com\surpass\vision\domain\UserInfo.java
c:\dev\upcvision\src\main\java\com\surpass\vision\XYGraph\XYGraphManager.java
c:\dev\upcvision\src\main\java\com\surpass\vision\domain\UserRight.java
c:\dev\upcvision\src\main\java\com\surpass\vision\server\MyPrincipal.java
c:\dev\upcvision\src\main\java\com\surpass\vision\domain\FileList.java
c:\dev\upcvision\src\main\java\com\surpass\vision\domain\Graph.java
c:\dev\upcvision\src\main\java\com\surpass\vision\service\AuthorcationService.java
c:\dev\upcvision\src\main\java\com\surpass\vision\utils\SpringUtil.java
c:\dev\upcvision\src\main\java\com\surpass\vision\domain\PointAlertData.java
c:\dev\upcvision\src\main\java\com\surpass\vision\domain\UserSpaceDataExample.java
c:\dev\upcvision\src\main\java\com\surpass\vision\tools\HtmlParser.java
c:\dev\upcvision\src\main\java\com\surpass\vision\domain\PointGroupDataExample.java
c:\dev\upcvision\src\main\java\com\surpass\vision\domain\BaseDomain.java
c:\dev\upcvision\src\main\java\com\surpass\vision\appCfg\RedisConfig.java
c:\dev\upcvision\src\main\java\com\surpass\vision\domain\PointGroupData.java
c:\dev\upcvision\src\main\java\com\surpass\vision\domain\UserSpace.java
c:\dev\upcvision\src\main\java\com\surpass\vision\common\Submit.java
c:\dev\upcvision\src\main\java\com\surpass\vision\authorcation\AuthorcationManager.java
c:\dev\upcvision\src\main\java\com\surpass\vision\domain\UserSpaceData.java
c:\dev\upcvision\src\main\java\com\surpass\vision\graph\GraphDataManager.java
c:\dev\upcvision\src\main\java\com\surpass\vision\server\Point.java
c:\dev\upcvision\src\main\java\com\surpass\vision\schedule\AsynchroniousService.java
c:\dev\upcvision\src\main\java\com\surpass\vision\utils\StringUtil.java
c:\dev\upcvision\src\main\java\com\surpass\vision\controller\AlertDataController.java
c:\dev\upcvision\src\main\java\com\surpass\vision\server\PointList.java
c:\dev\upcvision\src\main\java\com\surpass\realkits\Gec.java
c:\dev\upcvision\src\main\java\com\surpass\vision\lineAlertData\LineAlertDataManager.java
c:\dev\upcvision\src\main\java\com\surpass\vision\exception\GlobalExceptionHandler.java
c:\dev\upcvision\src\main\java\com\surpass\vision\utils\SpringContextUtils.java
c:\dev\upcvision\src\main\java\com\surpass\vision\appCfg\HttpConfig.java
c:\dev\upcvision\src\main\java\com\surpass\vision\UpcvisionApplication.java
c:\dev\upcvision\src\main\java\com\surpass\vision\server\MyChannelInterceptor.java
c:\dev\upcvision\src\main\java\com\surpass\vision\service\impl\PointGroupServiceImpl.java
c:\dev\upcvision\src\main\java\com\surpass\vision\appCfg\ServerConfig.java
c:\dev\upcvision\src\main\java\com\surpass\vision\mapper\PointGroupDataMapper.java
c:\dev\upcvision\src\main\java\com\surpass\vision\domain\Greeting.java
c:\dev\upcvision\src\main\java\com\surpass\vision\tools\XXTEAUtil.java
c:\dev\upcvision\src\main\java\com\surpass\vision\domain\LineAlertData.java
c:\dev\upcvision\src\main\java\com\surpass\vision\controller\ServerInfoController.java
c:\dev\upcvision\src\main\java\com\surpass\vision\domain\DepartmentInfoExample.java
c:\dev\upcvision\src\main\java\com\surpass\vision\domain\Client.java
c:\dev\upcvision\src\main\java\com\surpass\vision\server\Server.java
c:\dev\upcvision\src\main\java\com\surpass\vision\service\impl\UserSpaceServiceImpl.java
c:\dev\upcvision\src\main\java\com\surpass\vision\mapper\UserSpaceDataMapper.java
c:\dev\upcvision\src\main\java\com\surpass\vision\appCfg\NoRepeatSubmit.java
c:\dev\upcvision\src\main\java\com\surpass\vision\appCfg\WebSocketConfig.java
c:\dev\upcvision\src\main\java\com\surpass\vision\schedule\UpdateGraphDirctory.java
c:\dev\upcvision\src\main\java\com\surpass\vision\service\UserSpaceService.java
c:\dev\upcvision\src\main\java\com\surpass\vision\mapper\DepartmentInfoMapper.java
c:\dev\upcvision\src\main\java\com\surpass\vision\controller\BaseController.java
c:\dev\upcvision\src\main\java\com\surpass\vision\domain\XYGraph.java
c:\dev\upcvision\src\main\java\com\surpass\vision\controller\AuthorcationController.java
c:\dev\upcvision\src\main\java\com\surpass\realkits\DllFactoryBean.java
c:\dev\upcvision\src\main\java\com\surpass\vision\user\UserManager.java
c:\dev\upcvision\src\main\java\com\surpass\realkits\PooledObject.java
c:\dev\upcvision\src\main\java\com\surpass\vision\server\ControlMessage.java
c:\dev\upcvision\src\main\java\com\surpass\vision\tools\SVGTools.java
c:\dev\upcvision\src\main\java\com\surpass\vision\pointGroup\PointGroupDataManager.java
c:\dev\upcvision\src\main\java\com\surpass\vision\controller\RealTimeDataController.java
c:\dev\upcvision\src\main\java\com\surpass\vision\service\impl\AuthorcationServiceImpl.java
c:\dev\upcvision\src\main\java\com\surpass\vision\service\impl\LoginServiceImpl.java
c:\dev\upcvision\src\main\java\com\surpass\vision\service\PointGroupService.java
c:\dev\upcvision\src\main\java\com\surpass\vision\GeneratorSqlmap.java
c:\dev\upcvision\src\main\java\com\surpass\vision\domain\HelloMessage.java
c:\dev\upcvision\src\main\java\com\surpass\vision\domain\HistoryData.java
c:\dev\upcvision\src\main\java\com\surpass\vision\graph\GraphManager.java
c:\dev\upcvision\src\main\java\com\surpass\realkits\ObjectPool.java
c:\dev\upcvision\src\main\java\com\surpass\vision\common\ToWeb.java
c:\dev\upcvision\src\main\java\com\surpass\vision\tools\TimeTools.java
c:\dev\upcvision\src\main\java\com\surpass\realkits\Test.java
c:\dev\upcvision\src\main\java\com\surpass\vision\service\GraphService.java
c:\dev\upcvision\src\main\java\com\surpass\vision\service\impl\UserServiceImpl.java
c:\dev\upcvision\src\main\java\com\surpass\vision\alertData\AlertDataManager.java
c:\dev\upcvision\src\main\java\com\surpass\vision\server\DataUpdateEvent.java
c:\dev\upcvision\src\main\java\com\surpass\vision\domain\UserInfoExample.java
c:\dev\upcvision\src\main\java\com\surpass\vision\appCfg\UrlCache.java
c:\dev\upcvision\src\main\java\com\surpass\vision\exception\ResponseBean.java
c:\dev\upcvision\src\main\java\com\surpass\vision\controller\HistoryDataController.java
c:\dev\upcvision\src\main\java\com\surpass\vision\historyData\HistoryDataManager.java
