com\surpass\vision\realTimeData\RealTimeDataManager.class
com\surpass\realkits\Test.class
com\surpass\vision\server\DataViewer.class
com\surpass\realkits\GecService.class
com\surpass\vision\tools\XXTEAUtil.class
com\surpass\vision\schedule\PostMessageTask.class
com\surpass\vision\controller\AuthorcationController.class
com\surpass\vision\tools\TokenTools.class
com\surpass\vision\schedule\AsynchroniousService.class
com\surpass\vision\controller\LineAlertDataController.class
com\surpass\vision\server\PointList.class
com\surpass\vision\service\AuthorcationService.class
com\surpass\vision\mapper\PointGroupDataMapper.class
com\surpass\vision\service\RedisService.class
com\surpass\vision\controller\AlertDataController.class
com\surpass\vision\exception\DataExceptionSolver.class
com\surpass\vision\service\impl\UserServiceImpl.class
com\surpass\vision\domain\User.class
com\surpass\vision\domain\BaseDomain.class
com\surpass\vision\exception\GirlFriendNotFoundException.class
com\surpass\vision\tools\HtmlParser.class
com\surpass\vision\appCfg\GlobalConsts.class
com\surpass\vision\domain\RealTimeData.class
com\surpass\vision\domain\UserSpaceDataExample$Criteria.class
com\surpass\vision\domain\LineAlertData.class
com\surpass\vision\server\PointList$Ind.class
com\surpass\vision\server\PrincipalHandshakeHandler.class
com\surpass\vision\domain\UserInfoExample.class
com\surpass\vision\domain\UserSpaceDataExample$Criterion.class
com\surpass\vision\domain\XYGraph.class
com\surpass\vision\domain\PointGroupDataExample$GeneratedCriteria.class
com\surpass\vision\domain\PointAlertData.class
com\surpass\vision\tools\EncodingTools.class
com\surpass\vision\domain\HelloMessage.class
com\surpass\vision\lineAlertData\LineAlertDataManager.class
com\surpass\vision\server\DataUpdateEvent.class
com\surpass\realkits\Gec$CDWordArray.class
com\surpass\vision\domain\PointGroupDataExample$Criterion.class
com\surpass\vision\domain\Client.class
com\surpass\vision\server\AuthHandshakeInterceptor.class
com\surpass\realkits\Gec$CStringArray.class
com\surpass\vision\service\impl\RealTimeDataServiceImpl.class
com\surpass\vision\domain\FileList.class
com\surpass\vision\exception\ExceptionEnum.class
com\surpass\vision\tools\TimeTools.class
com\surpass\vision\controller\HistoryDataController.class
com\surpass\vision\authorcation\AuthorcationManager.class
com\surpass\vision\mapper\UserSpaceDataMapper.class
com\surpass\vision\server\ServerPoint.class
com\surpass\vision\UpcvisionApplication$TaskPoolConfig.class
com\surpass\vision\exception\ResponseBean.class
com\surpass\vision\appCfg\RedisConfig.class
com\surpass\vision\tools\SVGTools.class
com\surpass\vision\service\UserService.class
com\surpass\realkits\DllFactoryBean.class
com\surpass\vision\common\ToWeb.class
com\surpass\vision\service\RealTimeDataService.class
com\surpass\vision\schedule\UpdateGraphDirctory.class
com\surpass\realkits\Gec.class
com\surpass\vision\appCfg\ServerConfig.class
com\surpass\vision\controller\GraphController.class
com\surpass\vision\exception\SystemException.class
com\surpass\vision\graph\GraphDataManager.class
com\surpass\vision\service\impl\UserSpaceServiceImpl.class
com\surpass\vision\server\PointsData.class
com\surpass\vision\domain\UserInfoExample$Criterion.class
com\surpass\vision\historyData\HistoryDataManager.class
com\surpass\realkits\exception\GecException.class
com\surpass\vision\GeneratorSqlmap.class
com\surpass\vision\domain\UserInfo.class
com\surpass\vision\domain\UserSpaceData.class
com\surpass\vision\service\UserSpaceService.class
com\surpass\vision\controller\AddTeamController.class
com\surpass\vision\controller\BaseController.class
com\surpass\vision\server\_Data.class
com\surpass\vision\domain\UserInfoExample$Criteria.class
com\surpass\vision\server\Server.class
com\surpass\vision\XYGraph\XYGraphManager.class
com\surpass\vision\utils\Newton_interpolation.class
com\surpass\vision\server\Device.class
com\surpass\vision\server\ServerManager.class
com\surpass\vision\user\UserManager.class
com\surpass\vision\domain\UserSpace.class
com\surpass\vision\domain\AlertData.class
com\surpass\vision\common\SubmitAspect.class
com\surpass\realkits\JGecService.class
com\surpass\vision\graph\GraphManager.class
com\surpass\vision\service\impl\LoginServiceImpl.class
com\surpass\vision\domain\PointGroupData.class
com\surpass\vision\service\impl\PointGroupServiceImpl.class
com\surpass\vision\domain\UserRight.class
com\surpass\vision\service\PointGroupService.class
com\surpass\vision\utils\SpringUtil.class
com\surpass\vision\domain\PointGroup.class
com\surpass\vision\controller\RealTimeDataController.class
com\surpass\vision\service\GraphService.class
com\surpass\vision\controller\WebSocketController.class
com\surpass\vision\controller\ServerInfoController.class
com\surpass\vision\pointGroup\PointGroupDataManager.class
com\surpass\vision\appCfg\WebSocketConfig.class
com\surpass\vision\service\impl\GraphServiceImpl.class
com\surpass\vision\domain\Graph.class
com\surpass\vision\server\MyChannelInterceptor.class
com\surpass\vision\server\Point.class
com\surpass\vision\utils\Matrix.class
com\surpass\vision\domain\UserSpaceDataExample.class
com\surpass\vision\domain\PointGroupDataExample.class
com\surpass\vision\tools\FileTool.class
com\surpass\vision\domain\UserInfoExample$GeneratedCriteria.class
com\surpass\vision\server\SocketServer.class
com\surpass\vision\service\LoginService.class
com\surpass\vision\exception\GlobalExceptionHandler.class
com\surpass\vision\domain\UserSpaceDataExample$GeneratedCriteria.class
com\surpass\vision\tools\IDTools.class
com\surpass\vision\UpcvisionApplication.class
com\surpass\vision\domain\Greeting.class
com\surpass\vision\userSpace\UserSpaceManager.class
com\surpass\vision\common\Submit.class
com\surpass\vision\alertData\AlertDataManager.class
com\surpass\vision\server\MyPrincipal.class
com\surpass\vision\utils\SpringContextUtils.class
com\surpass\vision\service\impl\AuthorcationServiceImpl.class
com\surpass\vision\utils\StringUtil.class
com\surpass\vision\controller\XYGraphController.class
com\surpass\vision\schedule\InitServiceRunner.class
com\surpass\vision\domain\PointGroupDataExample$Criteria.class
com\surpass\vision\mapper\UserInfoMapper.class
com\surpass\vision\domain\HistoryData.class
com\surpass\realkits\Gec$APIENTRY.class
